// Jest Snapshot v1, https://goo.gl/fbAQLP

exports[`LemuelStack should match snapshot 1`] = `
{
  "Outputs": {
    "lemuelapiEndpoint8357EA29": {
      "Value": {
        "Fn::Join": [
          "",
          [
            "https://",
            {
              "Ref": "lemuelapi762B60E0",
            },
            ".execute-api.",
            {
              "Ref": "AWS::Region",
            },
            ".",
            {
              "Ref": "AWS::URLSuffix",
            },
            "/",
            {
              "Ref": "lemuelapiDeploymentStageprodB8C98E53",
            },
            "/",
          ],
        ],
      },
    },
  },
  "Parameters": {
    "BootstrapVersion": {
      "Default": "/cdk-bootstrap/hnb659fds/version",
      "Description": "Version of the CDK Bootstrap resources in this environment, automatically retrieved from SSM Parameter Store. [cdk:skip]",
      "Type": "AWS::SSM::Parameter::Value<String>",
    },
  },
  "Resources": {
    "checkuserexists488D9724": {
      "DependsOn": [
        "checkuserexistsServiceRoleDefaultPolicyD416E2A9",
        "checkuserexistsServiceRole1501E617",
      ],
      "Properties": {
        "Code": {
          "S3Bucket": {
            "Fn::Sub": "cdk-hnb659fds-assets-\${AWS::AccountId}-\${AWS::Region}",
          },
          "S3Key": "71ad62b5899f4f4e9e29ac1a475e1a8424e50b484b1e3d1bfb4ade30717d6c51.zip",
        },
        "Environment": {
          "Variables": {
            "USER_POOL_ID": {
              "Fn::ImportValue": "UserMgmt:ExportsOutputReflemueluserpool9CAE2591D8756CD7",
            },
          },
        },
        "FunctionName": "check-user-exists",
        "Handler": "index.handler",
        "Role": {
          "Fn::GetAtt": [
            "checkuserexistsServiceRole1501E617",
            "Arn",
          ],
        },
        "Runtime": "nodejs22.x",
      },
      "Type": "AWS::Lambda::Function",
    },
    "checkuserexistsServiceRole1501E617": {
      "Properties": {
        "AssumeRolePolicyDocument": {
          "Statement": [
            {
              "Action": "sts:AssumeRole",
              "Effect": "Allow",
              "Principal": {
                "Service": "lambda.amazonaws.com",
              },
            },
          ],
          "Version": "2012-10-17",
        },
        "ManagedPolicyArns": [
          {
            "Fn::Join": [
              "",
              [
                "arn:",
                {
                  "Ref": "AWS::Partition",
                },
                ":iam::aws:policy/service-role/AWSLambdaBasicExecutionRole",
              ],
            ],
          },
        ],
      },
      "Type": "AWS::IAM::Role",
    },
    "checkuserexistsServiceRoleDefaultPolicyD416E2A9": {
      "Properties": {
        "PolicyDocument": {
          "Statement": [
            {
              "Action": "cognito-idp:AdminGetUser",
              "Effect": "Allow",
              "Resource": {
                "Fn::Join": [
                  "",
                  [
                    "arn:aws:cognito-idp:",
                    {
                      "Ref": "AWS::Region",
                    },
                    ":",
                    {
                      "Ref": "AWS::AccountId",
                    },
                    ":userpool/",
                    {
                      "Fn::ImportValue": "UserMgmt:ExportsOutputReflemueluserpool9CAE2591D8756CD7",
                    },
                  ],
                ],
              },
            },
          ],
          "Version": "2012-10-17",
        },
        "PolicyName": "checkuserexistsServiceRoleDefaultPolicyD416E2A9",
        "Roles": [
          {
            "Ref": "checkuserexistsServiceRole1501E617",
          },
        ],
      },
      "Type": "AWS::IAM::Policy",
    },
    "chooseproverb54249DA0": {
      "DependsOn": [
        "chooseproverbServiceRoleDefaultPolicy63B799AC",
        "chooseproverbServiceRoleE18C191A",
      ],
      "Properties": {
        "Code": {
          "S3Bucket": {
            "Fn::Sub": "cdk-hnb659fds-assets-\${AWS::AccountId}-\${AWS::Region}",
          },
          "S3Key": "376ed67712caae62a29115115039e7739f703686805587861ac9d01b7ab39fa1.zip",
        },
        "Environment": {
          "Variables": {
            "TABLE_NAME": {
              "Ref": "proverbsstore7682A597",
            },
          },
        },
        "FunctionName": "choose-proverb",
        "Handler": "index.handler",
        "Role": {
          "Fn::GetAtt": [
            "chooseproverbServiceRoleE18C191A",
            "Arn",
          ],
        },
        "Runtime": "nodejs22.x",
      },
      "Type": "AWS::Lambda::Function",
    },
    "chooseproverbServiceRoleDefaultPolicy63B799AC": {
      "Properties": {
        "PolicyDocument": {
          "Statement": [
            {
              "Action": [
                "dynamodb:BatchGetItem",
                "dynamodb:Query",
                "dynamodb:GetItem",
                "dynamodb:Scan",
                "dynamodb:ConditionCheckItem",
                "dynamodb:BatchWriteItem",
                "dynamodb:PutItem",
                "dynamodb:UpdateItem",
                "dynamodb:DeleteItem",
                "dynamodb:DescribeTable",
              ],
              "Effect": "Allow",
              "Resource": [
                {
                  "Fn::GetAtt": [
                    "proverbsstore7682A597",
                    "Arn",
                  ],
                },
                {
                  "Fn::Join": [
                    "",
                    [
                      {
                        "Fn::GetAtt": [
                          "proverbsstore7682A597",
                          "Arn",
                        ],
                      },
                      "/index/*",
                    ],
                  ],
                },
              ],
            },
            {
              "Action": [
                "dynamodb:GetRecords",
                "dynamodb:GetShardIterator",
              ],
              "Effect": "Allow",
              "Resource": [
                {
                  "Fn::GetAtt": [
                    "proverbsstore7682A597",
                    "Arn",
                  ],
                },
                {
                  "Fn::Join": [
                    "",
                    [
                      {
                        "Fn::GetAtt": [
                          "proverbsstore7682A597",
                          "Arn",
                        ],
                      },
                      "/index/*",
                    ],
                  ],
                },
              ],
            },
          ],
          "Version": "2012-10-17",
        },
        "PolicyName": "chooseproverbServiceRoleDefaultPolicy63B799AC",
        "Roles": [
          {
            "Ref": "chooseproverbServiceRoleE18C191A",
          },
        ],
      },
      "Type": "AWS::IAM::Policy",
    },
    "chooseproverbServiceRoleE18C191A": {
      "Properties": {
        "AssumeRolePolicyDocument": {
          "Statement": [
            {
              "Action": "sts:AssumeRole",
              "Effect": "Allow",
              "Principal": {
                "Service": "lambda.amazonaws.com",
              },
            },
          ],
          "Version": "2012-10-17",
        },
        "ManagedPolicyArns": [
          {
            "Fn::Join": [
              "",
              [
                "arn:",
                {
                  "Ref": "AWS::Partition",
                },
                ":iam::aws:policy/service-role/AWSLambdaBasicExecutionRole",
              ],
            ],
          },
        ],
      },
      "Type": "AWS::IAM::Role",
    },
    "fetchproverbsforversion4C784619": {
      "DependsOn": [
        "fetchproverbsforversionServiceRoleDefaultPolicyDEC1A29A",
        "fetchproverbsforversionServiceRole16042134",
      ],
      "Properties": {
        "Code": {
          "S3Bucket": {
            "Fn::Sub": "cdk-hnb659fds-assets-\${AWS::AccountId}-\${AWS::Region}",
          },
          "S3Key": "3a6030eecfd7ee4770daae3dcf06c2255ba245a6bca014c1a0ed69ee804e4164.zip",
        },
        "Environment": {
          "Variables": {
            "API_BIBLE_SECRET_NAME": "test-api-bible-creds",
          },
        },
        "FunctionName": "fetch-proverbs-for-version",
        "Handler": "index.handler",
        "Role": {
          "Fn::GetAtt": [
            "fetchproverbsforversionServiceRole16042134",
            "Arn",
          ],
        },
        "Runtime": "nodejs22.x",
        "Timeout": 60,
      },
      "Type": "AWS::Lambda::Function",
    },
    "fetchproverbsforversionServiceRole16042134": {
      "Properties": {
        "AssumeRolePolicyDocument": {
          "Statement": [
            {
              "Action": "sts:AssumeRole",
              "Effect": "Allow",
              "Principal": {
                "Service": "lambda.amazonaws.com",
              },
            },
          ],
          "Version": "2012-10-17",
        },
        "ManagedPolicyArns": [
          {
            "Fn::Join": [
              "",
              [
                "arn:",
                {
                  "Ref": "AWS::Partition",
                },
                ":iam::aws:policy/service-role/AWSLambdaBasicExecutionRole",
              ],
            ],
          },
        ],
      },
      "Type": "AWS::IAM::Role",
    },
    "fetchproverbsforversionServiceRoleDefaultPolicyDEC1A29A": {
      "Properties": {
        "PolicyDocument": {
          "Statement": [
            {
              "Action": [
                "secretsmanager:GetSecretValue",
                "secretsmanager:DescribeSecret",
              ],
              "Effect": "Allow",
              "Resource": {
                "Fn::Join": [
                  "",
                  [
                    "arn:",
                    {
                      "Ref": "AWS::Partition",
                    },
                    ":secretsmanager:",
                    {
                      "Ref": "AWS::Region",
                    },
                    ":",
                    {
                      "Ref": "AWS::AccountId",
                    },
                    ":secret:test-api-bible-creds-??????",
                  ],
                ],
              },
            },
          ],
          "Version": "2012-10-17",
        },
        "PolicyName": "fetchproverbsforversionServiceRoleDefaultPolicyDEC1A29A",
        "Roles": [
          {
            "Ref": "fetchproverbsforversionServiceRole16042134",
          },
        ],
      },
      "Type": "AWS::IAM::Policy",
    },
    "getavailableversions8AF877EA": {
      "DependsOn": [
        "getavailableversionsServiceRoleDefaultPolicyCD4AC465",
        "getavailableversionsServiceRole498505AC",
      ],
      "Properties": {
        "Code": {
          "S3Bucket": {
            "Fn::Sub": "cdk-hnb659fds-assets-\${AWS::AccountId}-\${AWS::Region}",
          },
          "S3Key": "eb01433056e87c0f0289ea73f5e0a020a93f175bcf630c75b1fcbf1427bd2c2c.zip",
        },
        "Environment": {
          "Variables": {
            "TABLE_NAME": {
              "Ref": "proverbsstore7682A597",
            },
          },
        },
        "FunctionName": "get-available-versions",
        "Handler": "index.handler",
        "Role": {
          "Fn::GetAtt": [
            "getavailableversionsServiceRole498505AC",
            "Arn",
          ],
        },
        "Runtime": "nodejs22.x",
      },
      "Type": "AWS::Lambda::Function",
    },
    "getavailableversionsServiceRole498505AC": {
      "Properties": {
        "AssumeRolePolicyDocument": {
          "Statement": [
            {
              "Action": "sts:AssumeRole",
              "Effect": "Allow",
              "Principal": {
                "Service": "lambda.amazonaws.com",
              },
            },
          ],
          "Version": "2012-10-17",
        },
        "ManagedPolicyArns": [
          {
            "Fn::Join": [
              "",
              [
                "arn:",
                {
                  "Ref": "AWS::Partition",
                },
                ":iam::aws:policy/service-role/AWSLambdaBasicExecutionRole",
              ],
            ],
          },
        ],
      },
      "Type": "AWS::IAM::Role",
    },
    "getavailableversionsServiceRoleDefaultPolicyCD4AC465": {
      "Properties": {
        "PolicyDocument": {
          "Statement": [
            {
              "Action": [
                "dynamodb:BatchGetItem",
                "dynamodb:Query",
                "dynamodb:GetItem",
                "dynamodb:Scan",
                "dynamodb:ConditionCheckItem",
                "dynamodb:DescribeTable",
              ],
              "Effect": "Allow",
              "Resource": [
                {
                  "Fn::GetAtt": [
                    "proverbsstore7682A597",
                    "Arn",
                  ],
                },
                {
                  "Fn::Join": [
                    "",
                    [
                      {
                        "Fn::GetAtt": [
                          "proverbsstore7682A597",
                          "Arn",
                        ],
                      },
                      "/index/*",
                    ],
                  ],
                },
              ],
            },
            {
              "Action": [
                "dynamodb:GetRecords",
                "dynamodb:GetShardIterator",
              ],
              "Effect": "Allow",
              "Resource": [
                {
                  "Fn::GetAtt": [
                    "proverbsstore7682A597",
                    "Arn",
                  ],
                },
                {
                  "Fn::Join": [
                    "",
                    [
                      {
                        "Fn::GetAtt": [
                          "proverbsstore7682A597",
                          "Arn",
                        ],
                      },
                      "/index/*",
                    ],
                  ],
                },
              ],
            },
          ],
          "Version": "2012-10-17",
        },
        "PolicyName": "getavailableversionsServiceRoleDefaultPolicyCD4AC465",
        "Roles": [
          {
            "Ref": "getavailableversionsServiceRole498505AC",
          },
        ],
      },
      "Type": "AWS::IAM::Policy",
    },
    "getproverb58091E74": {
      "DependsOn": [
        "getproverbServiceRoleDefaultPolicy57741BF4",
        "getproverbServiceRoleDDADE42F",
      ],
      "Properties": {
        "Code": {
          "S3Bucket": {
            "Fn::Sub": "cdk-hnb659fds-assets-\${AWS::AccountId}-\${AWS::Region}",
          },
          "S3Key": "4972d5a269303a9e5afd54d1c6094bcb387c6acf8adeffe58e719408277c706f.zip",
        },
        "Environment": {
          "Variables": {
            "TABLE_NAME": {
              "Ref": "proverbsstore7682A597",
            },
          },
        },
        "FunctionName": "get-proverb",
        "Handler": "index.handler",
        "Role": {
          "Fn::GetAtt": [
            "getproverbServiceRoleDDADE42F",
            "Arn",
          ],
        },
        "Runtime": "nodejs22.x",
      },
      "Type": "AWS::Lambda::Function",
    },
    "getproverbServiceRoleDDADE42F": {
      "Properties": {
        "AssumeRolePolicyDocument": {
          "Statement": [
            {
              "Action": "sts:AssumeRole",
              "Effect": "Allow",
              "Principal": {
                "Service": "lambda.amazonaws.com",
              },
            },
          ],
          "Version": "2012-10-17",
        },
        "ManagedPolicyArns": [
          {
            "Fn::Join": [
              "",
              [
                "arn:",
                {
                  "Ref": "AWS::Partition",
                },
                ":iam::aws:policy/service-role/AWSLambdaBasicExecutionRole",
              ],
            ],
          },
        ],
      },
      "Type": "AWS::IAM::Role",
    },
    "getproverbServiceRoleDefaultPolicy57741BF4": {
      "Properties": {
        "PolicyDocument": {
          "Statement": [
            {
              "Action": [
                "dynamodb:BatchGetItem",
                "dynamodb:Query",
                "dynamodb:GetItem",
                "dynamodb:Scan",
                "dynamodb:ConditionCheckItem",
                "dynamodb:DescribeTable",
              ],
              "Effect": "Allow",
              "Resource": [
                {
                  "Fn::GetAtt": [
                    "proverbsstore7682A597",
                    "Arn",
                  ],
                },
                {
                  "Fn::Join": [
                    "",
                    [
                      {
                        "Fn::GetAtt": [
                          "proverbsstore7682A597",
                          "Arn",
                        ],
                      },
                      "/index/*",
                    ],
                  ],
                },
              ],
            },
            {
              "Action": [
                "dynamodb:GetRecords",
                "dynamodb:GetShardIterator",
              ],
              "Effect": "Allow",
              "Resource": [
                {
                  "Fn::GetAtt": [
                    "proverbsstore7682A597",
                    "Arn",
                  ],
                },
                {
                  "Fn::Join": [
                    "",
                    [
                      {
                        "Fn::GetAtt": [
                          "proverbsstore7682A597",
                          "Arn",
                        ],
                      },
                      "/index/*",
                    ],
                  ],
                },
              ],
            },
          ],
          "Version": "2012-10-17",
        },
        "PolicyName": "getproverbServiceRoleDefaultPolicy57741BF4",
        "Roles": [
          {
            "Ref": "getproverbServiceRoleDDADE42F",
          },
        ],
      },
      "Type": "AWS::IAM::Policy",
    },
    "lemuelapi762B60E0": {
      "Properties": {
        "Name": "lemuel-api",
      },
      "Type": "AWS::ApiGateway::RestApi",
    },
    "lemuelapiAccount5BA0E708": {
      "DeletionPolicy": "Retain",
      "DependsOn": [
        "lemuelapi762B60E0",
      ],
      "Properties": {
        "CloudWatchRoleArn": {
          "Fn::GetAtt": [
            "lemuelapiCloudWatchRole776E5B7B",
            "Arn",
          ],
        },
      },
      "Type": "AWS::ApiGateway::Account",
      "UpdateReplacePolicy": "Retain",
    },
    "lemuelapiCheckUserExistsKeyEE99907A": {
      "Properties": {
        "Enabled": true,
        "Name": "check-user-exists-key",
        "StageKeys": [
          {
            "RestApiId": {
              "Ref": "lemuelapi762B60E0",
            },
            "StageName": {
              "Ref": "lemuelapiDeploymentStageprodB8C98E53",
            },
          },
        ],
      },
      "Type": "AWS::ApiGateway::ApiKey",
    },
    "lemuelapiCheckUserExistsUsagePlan94C2E4A2": {
      "Properties": {
        "ApiStages": [
          {
            "ApiId": {
              "Ref": "lemuelapi762B60E0",
            },
            "Stage": {
              "Ref": "lemuelapiDeploymentStageprodB8C98E53",
            },
            "Throttle": {},
          },
        ],
        "Description": "Rate limiting for check-user-exists endpoint",
        "Quota": {
          "Limit": 10000,
          "Period": "DAY",
        },
        "Throttle": {
          "BurstLimit": 20,
          "RateLimit": 10,
        },
        "UsagePlanName": "check-user-exists-rate-limit",
      },
      "Type": "AWS::ApiGateway::UsagePlan",
    },
    "lemuelapiCheckUserExistsUsagePlanUsagePlanKeyResourceTestStacklemuelapiCheckUserExistsKey57F183EA6FF1FA30": {
      "Properties": {
        "KeyId": {
          "Ref": "lemuelapiCheckUserExistsKeyEE99907A",
        },
        "KeyType": "API_KEY",
        "UsagePlanId": {
          "Ref": "lemuelapiCheckUserExistsUsagePlan94C2E4A2",
        },
      },
      "Type": "AWS::ApiGateway::UsagePlanKey",
    },
    "lemuelapiCloudWatchRole776E5B7B": {
      "DeletionPolicy": "Retain",
      "Properties": {
        "AssumeRolePolicyDocument": {
          "Statement": [
            {
              "Action": "sts:AssumeRole",
              "Effect": "Allow",
              "Principal": {
                "Service": "apigateway.amazonaws.com",
              },
            },
          ],
          "Version": "2012-10-17",
        },
        "ManagedPolicyArns": [
          {
            "Fn::Join": [
              "",
              [
                "arn:",
                {
                  "Ref": "AWS::Partition",
                },
                ":iam::aws:policy/service-role/AmazonAPIGatewayPushToCloudWatchLogs",
              ],
            ],
          },
        ],
      },
      "Type": "AWS::IAM::Role",
      "UpdateReplacePolicy": "Retain",
    },
    "lemuelapiDeployment2137DA7Adb714968b39141423b18acd5f1da5b72": {
      "DependsOn": [
        "lemuelapiversionGET9CB1814C",
        "lemuelapiversionOPTIONSB1F64BAF",
        "lemuelapiversion53308960",
        "lemuelapiauthcheckuserexistsOPTIONSAAB4D667",
        "lemuelapiauthcheckuserexistsPOST27BF45A3",
        "lemuelapiauthcheckuserexists746BE83B",
        "lemuelapiauthOPTIONSB2FFC4CE",
        "lemuelapiauthFC1EA1F6",
        "lemuelapiavailableversionsGETC40BC4B7",
        "lemuelapiavailableversionsOPTIONS7A36E4D0",
        "lemuelapiavailableversions7E69CC63",
        "lemuelapiOPTIONS67B4627A",
      ],
      "Metadata": {
        "aws:cdk:do-not-refactor": true,
      },
      "Properties": {
        "Description": "Automatically created by the RestApi construct",
        "RestApiId": {
          "Ref": "lemuelapi762B60E0",
        },
      },
      "Type": "AWS::ApiGateway::Deployment",
    },
    "lemuelapiDeploymentStageprodB8C98E53": {
      "DependsOn": [
        "lemuelapiAccount5BA0E708",
      ],
      "Properties": {
        "DeploymentId": {
          "Ref": "lemuelapiDeployment2137DA7Adb714968b39141423b18acd5f1da5b72",
        },
        "MethodSettings": [
          {
            "DataTraceEnabled": false,
            "HttpMethod": "*",
            "ResourcePath": "/*",
          },
        ],
        "RestApiId": {
          "Ref": "lemuelapi762B60E0",
        },
        "StageName": "prod",
      },
      "Type": "AWS::ApiGateway::Stage",
    },
    "lemuelapiOPTIONS67B4627A": {
      "Properties": {
        "ApiKeyRequired": false,
        "AuthorizationType": "NONE",
        "HttpMethod": "OPTIONS",
        "Integration": {
          "IntegrationResponses": [
            {
              "ResponseParameters": {
                "method.response.header.Access-Control-Allow-Headers": "'Content-Type,X-Amz-Date,Authorization,X-Api-Key,X-Amz-Security-Token,X-Amz-User-Agent'",
                "method.response.header.Access-Control-Allow-Methods": "'OPTIONS,GET,PUT,POST,DELETE,PATCH,HEAD'",
                "method.response.header.Access-Control-Allow-Origin": "'*'",
              },
              "StatusCode": "204",
            },
          ],
          "RequestTemplates": {
            "application/json": "{ statusCode: 200 }",
          },
          "Type": "MOCK",
        },
        "MethodResponses": [
          {
            "ResponseParameters": {
              "method.response.header.Access-Control-Allow-Headers": true,
              "method.response.header.Access-Control-Allow-Methods": true,
              "method.response.header.Access-Control-Allow-Origin": true,
            },
            "StatusCode": "204",
          },
        ],
        "ResourceId": {
          "Fn::GetAtt": [
            "lemuelapi762B60E0",
            "RootResourceId",
          ],
        },
        "RestApiId": {
          "Ref": "lemuelapi762B60E0",
        },
      },
      "Type": "AWS::ApiGateway::Method",
    },
    "lemuelapiauthFC1EA1F6": {
      "Properties": {
        "ParentId": {
          "Fn::GetAtt": [
            "lemuelapi762B60E0",
            "RootResourceId",
          ],
        },
        "PathPart": "auth",
        "RestApiId": {
          "Ref": "lemuelapi762B60E0",
        },
      },
      "Type": "AWS::ApiGateway::Resource",
    },
    "lemuelapiauthOPTIONSB2FFC4CE": {
      "Properties": {
        "ApiKeyRequired": false,
        "AuthorizationType": "NONE",
        "HttpMethod": "OPTIONS",
        "Integration": {
          "IntegrationResponses": [
            {
              "ResponseParameters": {
                "method.response.header.Access-Control-Allow-Headers": "'Content-Type,X-Amz-Date,Authorization,X-Api-Key,X-Amz-Security-Token,X-Amz-User-Agent'",
                "method.response.header.Access-Control-Allow-Methods": "'OPTIONS,GET,PUT,POST,DELETE,PATCH,HEAD'",
                "method.response.header.Access-Control-Allow-Origin": "'*'",
              },
              "StatusCode": "204",
            },
          ],
          "RequestTemplates": {
            "application/json": "{ statusCode: 200 }",
          },
          "Type": "MOCK",
        },
        "MethodResponses": [
          {
            "ResponseParameters": {
              "method.response.header.Access-Control-Allow-Headers": true,
              "method.response.header.Access-Control-Allow-Methods": true,
              "method.response.header.Access-Control-Allow-Origin": true,
            },
            "StatusCode": "204",
          },
        ],
        "ResourceId": {
          "Ref": "lemuelapiauthFC1EA1F6",
        },
        "RestApiId": {
          "Ref": "lemuelapi762B60E0",
        },
      },
      "Type": "AWS::ApiGateway::Method",
    },
    "lemuelapiauthcheckuserexists746BE83B": {
      "Properties": {
        "ParentId": {
          "Ref": "lemuelapiauthFC1EA1F6",
        },
        "PathPart": "check-user-exists",
        "RestApiId": {
          "Ref": "lemuelapi762B60E0",
        },
      },
      "Type": "AWS::ApiGateway::Resource",
    },
    "lemuelapiauthcheckuserexistsOPTIONSAAB4D667": {
      "Properties": {
        "ApiKeyRequired": false,
        "AuthorizationType": "NONE",
        "HttpMethod": "OPTIONS",
        "Integration": {
          "IntegrationResponses": [
            {
              "ResponseParameters": {
                "method.response.header.Access-Control-Allow-Headers": "'Content-Type,X-Amz-Date,Authorization,X-Api-Key,X-Amz-Security-Token,X-Amz-User-Agent'",
                "method.response.header.Access-Control-Allow-Methods": "'OPTIONS,GET,PUT,POST,DELETE,PATCH,HEAD'",
                "method.response.header.Access-Control-Allow-Origin": "'*'",
              },
              "StatusCode": "204",
            },
          ],
          "RequestTemplates": {
            "application/json": "{ statusCode: 200 }",
          },
          "Type": "MOCK",
        },
        "MethodResponses": [
          {
            "ResponseParameters": {
              "method.response.header.Access-Control-Allow-Headers": true,
              "method.response.header.Access-Control-Allow-Methods": true,
              "method.response.header.Access-Control-Allow-Origin": true,
            },
            "StatusCode": "204",
          },
        ],
        "ResourceId": {
          "Ref": "lemuelapiauthcheckuserexists746BE83B",
        },
        "RestApiId": {
          "Ref": "lemuelapi762B60E0",
        },
      },
      "Type": "AWS::ApiGateway::Method",
    },
    "lemuelapiauthcheckuserexistsPOST27BF45A3": {
      "Properties": {
        "AuthorizationType": "NONE",
        "HttpMethod": "POST",
        "Integration": {
          "IntegrationHttpMethod": "POST",
          "Type": "AWS_PROXY",
          "Uri": {
            "Fn::Join": [
              "",
              [
                "arn:",
                {
                  "Ref": "AWS::Partition",
                },
                ":apigateway:",
                {
                  "Ref": "AWS::Region",
                },
                ":lambda:path/2015-03-31/functions/",
                {
                  "Fn::GetAtt": [
                    "checkuserexists488D9724",
                    "Arn",
                  ],
                },
                "/invocations",
              ],
            ],
          },
        },
        "MethodResponses": [
          {
            "StatusCode": "200",
          },
          {
            "StatusCode": "400",
          },
          {
            "StatusCode": "429",
          },
          {
            "StatusCode": "500",
          },
        ],
        "ResourceId": {
          "Ref": "lemuelapiauthcheckuserexists746BE83B",
        },
        "RestApiId": {
          "Ref": "lemuelapi762B60E0",
        },
      },
      "Type": "AWS::ApiGateway::Method",
    },
    "lemuelapiauthcheckuserexistsPOSTApiPermissionTestStacklemuelapiBB28E280POSTauthcheckuserexists7B7CA51C": {
      "Properties": {
        "Action": "lambda:InvokeFunction",
        "FunctionName": {
          "Fn::GetAtt": [
            "checkuserexists488D9724",
            "Arn",
          ],
        },
        "Principal": "apigateway.amazonaws.com",
        "SourceArn": {
          "Fn::Join": [
            "",
            [
              "arn:",
              {
                "Ref": "AWS::Partition",
              },
              ":execute-api:",
              {
                "Ref": "AWS::Region",
              },
              ":",
              {
                "Ref": "AWS::AccountId",
              },
              ":",
              {
                "Ref": "lemuelapi762B60E0",
              },
              "/",
              {
                "Ref": "lemuelapiDeploymentStageprodB8C98E53",
              },
              "/POST/auth/check-user-exists",
            ],
          ],
        },
      },
      "Type": "AWS::Lambda::Permission",
    },
    "lemuelapiauthcheckuserexistsPOSTApiPermissionTestTestStacklemuelapiBB28E280POSTauthcheckuserexistsE1035DAF": {
      "Properties": {
        "Action": "lambda:InvokeFunction",
        "FunctionName": {
          "Fn::GetAtt": [
            "checkuserexists488D9724",
            "Arn",
          ],
        },
        "Principal": "apigateway.amazonaws.com",
        "SourceArn": {
          "Fn::Join": [
            "",
            [
              "arn:",
              {
                "Ref": "AWS::Partition",
              },
              ":execute-api:",
              {
                "Ref": "AWS::Region",
              },
              ":",
              {
                "Ref": "AWS::AccountId",
              },
              ":",
              {
                "Ref": "lemuelapi762B60E0",
              },
              "/test-invoke-stage/POST/auth/check-user-exists",
            ],
          ],
        },
      },
      "Type": "AWS::Lambda::Permission",
    },
    "lemuelapiavailableversions7E69CC63": {
      "Properties": {
        "ParentId": {
          "Fn::GetAtt": [
            "lemuelapi762B60E0",
            "RootResourceId",
          ],
        },
        "PathPart": "available-versions",
        "RestApiId": {
          "Ref": "lemuelapi762B60E0",
        },
      },
      "Type": "AWS::ApiGateway::Resource",
    },
    "lemuelapiavailableversionsGETApiPermissionTestStacklemuelapiBB28E280GETavailableversionsDD9B5B63": {
      "Properties": {
        "Action": "lambda:InvokeFunction",
        "FunctionName": {
          "Fn::GetAtt": [
            "getavailableversions8AF877EA",
            "Arn",
          ],
        },
        "Principal": "apigateway.amazonaws.com",
        "SourceArn": {
          "Fn::Join": [
            "",
            [
              "arn:",
              {
                "Ref": "AWS::Partition",
              },
              ":execute-api:",
              {
                "Ref": "AWS::Region",
              },
              ":",
              {
                "Ref": "AWS::AccountId",
              },
              ":",
              {
                "Ref": "lemuelapi762B60E0",
              },
              "/",
              {
                "Ref": "lemuelapiDeploymentStageprodB8C98E53",
              },
              "/GET/available-versions",
            ],
          ],
        },
      },
      "Type": "AWS::Lambda::Permission",
    },
    "lemuelapiavailableversionsGETApiPermissionTestTestStacklemuelapiBB28E280GETavailableversions036CAF30": {
      "Properties": {
        "Action": "lambda:InvokeFunction",
        "FunctionName": {
          "Fn::GetAtt": [
            "getavailableversions8AF877EA",
            "Arn",
          ],
        },
        "Principal": "apigateway.amazonaws.com",
        "SourceArn": {
          "Fn::Join": [
            "",
            [
              "arn:",
              {
                "Ref": "AWS::Partition",
              },
              ":execute-api:",
              {
                "Ref": "AWS::Region",
              },
              ":",
              {
                "Ref": "AWS::AccountId",
              },
              ":",
              {
                "Ref": "lemuelapi762B60E0",
              },
              "/test-invoke-stage/GET/available-versions",
            ],
          ],
        },
      },
      "Type": "AWS::Lambda::Permission",
    },
    "lemuelapiavailableversionsGETC40BC4B7": {
      "Properties": {
        "AuthorizationType": "NONE",
        "HttpMethod": "GET",
        "Integration": {
          "IntegrationHttpMethod": "POST",
          "Type": "AWS_PROXY",
          "Uri": {
            "Fn::Join": [
              "",
              [
                "arn:",
                {
                  "Ref": "AWS::Partition",
                },
                ":apigateway:",
                {
                  "Ref": "AWS::Region",
                },
                ":lambda:path/2015-03-31/functions/",
                {
                  "Fn::GetAtt": [
                    "getavailableversions8AF877EA",
                    "Arn",
                  ],
                },
                "/invocations",
              ],
            ],
          },
        },
        "ResourceId": {
          "Ref": "lemuelapiavailableversions7E69CC63",
        },
        "RestApiId": {
          "Ref": "lemuelapi762B60E0",
        },
      },
      "Type": "AWS::ApiGateway::Method",
    },
    "lemuelapiavailableversionsOPTIONS7A36E4D0": {
      "Properties": {
        "ApiKeyRequired": false,
        "AuthorizationType": "NONE",
        "HttpMethod": "OPTIONS",
        "Integration": {
          "IntegrationResponses": [
            {
              "ResponseParameters": {
                "method.response.header.Access-Control-Allow-Headers": "'Content-Type,X-Amz-Date,Authorization,X-Api-Key,X-Amz-Security-Token,X-Amz-User-Agent'",
                "method.response.header.Access-Control-Allow-Methods": "'OPTIONS,GET,PUT,POST,DELETE,PATCH,HEAD'",
                "method.response.header.Access-Control-Allow-Origin": "'*'",
              },
              "StatusCode": "204",
            },
          ],
          "RequestTemplates": {
            "application/json": "{ statusCode: 200 }",
          },
          "Type": "MOCK",
        },
        "MethodResponses": [
          {
            "ResponseParameters": {
              "method.response.header.Access-Control-Allow-Headers": true,
              "method.response.header.Access-Control-Allow-Methods": true,
              "method.response.header.Access-Control-Allow-Origin": true,
            },
            "StatusCode": "204",
          },
        ],
        "ResourceId": {
          "Ref": "lemuelapiavailableversions7E69CC63",
        },
        "RestApiId": {
          "Ref": "lemuelapi762B60E0",
        },
      },
      "Type": "AWS::ApiGateway::Method",
    },
    "lemuelapiversion53308960": {
      "Properties": {
        "ParentId": {
          "Fn::GetAtt": [
            "lemuelapi762B60E0",
            "RootResourceId",
          ],
        },
        "PathPart": "{version}",
        "RestApiId": {
          "Ref": "lemuelapi762B60E0",
        },
      },
      "Type": "AWS::ApiGateway::Resource",
    },
    "lemuelapiversionGET9CB1814C": {
      "Properties": {
        "AuthorizationType": "NONE",
        "HttpMethod": "GET",
        "Integration": {
          "IntegrationHttpMethod": "POST",
          "Type": "AWS_PROXY",
          "Uri": {
            "Fn::Join": [
              "",
              [
                "arn:",
                {
                  "Ref": "AWS::Partition",
                },
                ":apigateway:",
                {
                  "Ref": "AWS::Region",
                },
                ":lambda:path/2015-03-31/functions/",
                {
                  "Fn::GetAtt": [
                    "getproverb58091E74",
                    "Arn",
                  ],
                },
                "/invocations",
              ],
            ],
          },
        },
        "ResourceId": {
          "Ref": "lemuelapiversion53308960",
        },
        "RestApiId": {
          "Ref": "lemuelapi762B60E0",
        },
      },
      "Type": "AWS::ApiGateway::Method",
    },
    "lemuelapiversionGETApiPermissionTestStacklemuelapiBB28E280GETversion5F0CDE4D": {
      "Properties": {
        "Action": "lambda:InvokeFunction",
        "FunctionName": {
          "Fn::GetAtt": [
            "getproverb58091E74",
            "Arn",
          ],
        },
        "Principal": "apigateway.amazonaws.com",
        "SourceArn": {
          "Fn::Join": [
            "",
            [
              "arn:",
              {
                "Ref": "AWS::Partition",
              },
              ":execute-api:",
              {
                "Ref": "AWS::Region",
              },
              ":",
              {
                "Ref": "AWS::AccountId",
              },
              ":",
              {
                "Ref": "lemuelapi762B60E0",
              },
              "/",
              {
                "Ref": "lemuelapiDeploymentStageprodB8C98E53",
              },
              "/GET/*",
            ],
          ],
        },
      },
      "Type": "AWS::Lambda::Permission",
    },
    "lemuelapiversionGETApiPermissionTestTestStacklemuelapiBB28E280GETversion00F29613": {
      "Properties": {
        "Action": "lambda:InvokeFunction",
        "FunctionName": {
          "Fn::GetAtt": [
            "getproverb58091E74",
            "Arn",
          ],
        },
        "Principal": "apigateway.amazonaws.com",
        "SourceArn": {
          "Fn::Join": [
            "",
            [
              "arn:",
              {
                "Ref": "AWS::Partition",
              },
              ":execute-api:",
              {
                "Ref": "AWS::Region",
              },
              ":",
              {
                "Ref": "AWS::AccountId",
              },
              ":",
              {
                "Ref": "lemuelapi762B60E0",
              },
              "/test-invoke-stage/GET/*",
            ],
          ],
        },
      },
      "Type": "AWS::Lambda::Permission",
    },
    "lemuelapiversionOPTIONSB1F64BAF": {
      "Properties": {
        "ApiKeyRequired": false,
        "AuthorizationType": "NONE",
        "HttpMethod": "OPTIONS",
        "Integration": {
          "IntegrationResponses": [
            {
              "ResponseParameters": {
                "method.response.header.Access-Control-Allow-Headers": "'Content-Type,X-Amz-Date,Authorization,X-Api-Key,X-Amz-Security-Token,X-Amz-User-Agent'",
                "method.response.header.Access-Control-Allow-Methods": "'OPTIONS,GET,PUT,POST,DELETE,PATCH,HEAD'",
                "method.response.header.Access-Control-Allow-Origin": "'*'",
              },
              "StatusCode": "204",
            },
          ],
          "RequestTemplates": {
            "application/json": "{ statusCode: 200 }",
          },
          "Type": "MOCK",
        },
        "MethodResponses": [
          {
            "ResponseParameters": {
              "method.response.header.Access-Control-Allow-Headers": true,
              "method.response.header.Access-Control-Allow-Methods": true,
              "method.response.header.Access-Control-Allow-Origin": true,
            },
            "StatusCode": "204",
          },
        ],
        "ResourceId": {
          "Ref": "lemuelapiversion53308960",
        },
        "RestApiId": {
          "Ref": "lemuelapi762B60E0",
        },
      },
      "Type": "AWS::ApiGateway::Method",
    },
    "lemuelschedule1C0FCCC8": {
      "Properties": {
        "Name": "lemuel-schedule",
        "ScheduleExpression": "cron(0 0 * * ? *)",
        "State": "ENABLED",
        "Targets": [
          {
            "Arn": {
              "Fn::GetAtt": [
                "chooseproverb54249DA0",
                "Arn",
              ],
            },
            "Id": "Target0",
          },
        ],
      },
      "Type": "AWS::Events::Rule",
    },
    "lemuelscheduleAllowEventRuleTestStackchooseproverb44AD85C6C42A634A": {
      "Properties": {
        "Action": "lambda:InvokeFunction",
        "FunctionName": {
          "Fn::GetAtt": [
            "chooseproverb54249DA0",
            "Arn",
          ],
        },
        "Principal": "events.amazonaws.com",
        "SourceArn": {
          "Fn::GetAtt": [
            "lemuelschedule1C0FCCC8",
            "Arn",
          ],
        },
      },
      "Type": "AWS::Lambda::Permission",
    },
    "loadproverbs4682488D": {
      "DependsOn": [
        "loadproverbsServiceRoleDefaultPolicy20ACD3FD",
        "loadproverbsServiceRole4F1AF3C1",
      ],
      "Properties": {
        "Code": {
          "S3Bucket": {
            "Fn::Sub": "cdk-hnb659fds-assets-\${AWS::AccountId}-\${AWS::Region}",
          },
          "S3Key": "342798072d7b89a134e0e0f6c0a616611062844dddca04bb347424652b272055.zip",
        },
        "Environment": {
          "Variables": {
            "TABLE_NAME": {
              "Ref": "proverbsstore7682A597",
            },
          },
        },
        "FunctionName": "load-proverbs",
        "Handler": "index.handler",
        "Role": {
          "Fn::GetAtt": [
            "loadproverbsServiceRole4F1AF3C1",
            "Arn",
          ],
        },
        "Runtime": "nodejs22.x",
      },
      "Type": "AWS::Lambda::Function",
    },
    "loadproverbsServiceRole4F1AF3C1": {
      "Properties": {
        "AssumeRolePolicyDocument": {
          "Statement": [
            {
              "Action": "sts:AssumeRole",
              "Effect": "Allow",
              "Principal": {
                "Service": "lambda.amazonaws.com",
              },
            },
          ],
          "Version": "2012-10-17",
        },
        "ManagedPolicyArns": [
          {
            "Fn::Join": [
              "",
              [
                "arn:",
                {
                  "Ref": "AWS::Partition",
                },
                ":iam::aws:policy/service-role/AWSLambdaBasicExecutionRole",
              ],
            ],
          },
        ],
      },
      "Type": "AWS::IAM::Role",
    },
    "loadproverbsServiceRoleDefaultPolicy20ACD3FD": {
      "Properties": {
        "PolicyDocument": {
          "Statement": [
            {
              "Action": [
                "dynamodb:BatchGetItem",
                "dynamodb:Query",
                "dynamodb:GetItem",
                "dynamodb:Scan",
                "dynamodb:ConditionCheckItem",
                "dynamodb:BatchWriteItem",
                "dynamodb:PutItem",
                "dynamodb:UpdateItem",
                "dynamodb:DeleteItem",
                "dynamodb:DescribeTable",
              ],
              "Effect": "Allow",
              "Resource": [
                {
                  "Fn::GetAtt": [
                    "proverbsstore7682A597",
                    "Arn",
                  ],
                },
                {
                  "Fn::Join": [
                    "",
                    [
                      {
                        "Fn::GetAtt": [
                          "proverbsstore7682A597",
                          "Arn",
                        ],
                      },
                      "/index/*",
                    ],
                  ],
                },
              ],
            },
            {
              "Action": [
                "dynamodb:GetRecords",
                "dynamodb:GetShardIterator",
              ],
              "Effect": "Allow",
              "Resource": [
                {
                  "Fn::GetAtt": [
                    "proverbsstore7682A597",
                    "Arn",
                  ],
                },
                {
                  "Fn::Join": [
                    "",
                    [
                      {
                        "Fn::GetAtt": [
                          "proverbsstore7682A597",
                          "Arn",
                        ],
                      },
                      "/index/*",
                    ],
                  ],
                },
              ],
            },
          ],
          "Version": "2012-10-17",
        },
        "PolicyName": "loadproverbsServiceRoleDefaultPolicy20ACD3FD",
        "Roles": [
          {
            "Ref": "loadproverbsServiceRole4F1AF3C1",
          },
        ],
      },
      "Type": "AWS::IAM::Policy",
    },
    "proverbsstore7682A597": {
      "DeletionPolicy": "Delete",
      "Properties": {
        "AttributeDefinitions": [
          {
            "AttributeName": "pk",
            "AttributeType": "S",
          },
          {
            "AttributeName": "sk",
            "AttributeType": "S",
          },
          {
            "AttributeName": "version",
            "AttributeType": "S",
          },
        ],
        "BillingMode": "PAY_PER_REQUEST",
        "GlobalSecondaryIndexes": [
          {
            "IndexName": "version-index",
            "KeySchema": [
              {
                "AttributeName": "version",
                "KeyType": "HASH",
              },
              {
                "AttributeName": "sk",
                "KeyType": "RANGE",
              },
            ],
            "Projection": {
              "ProjectionType": "ALL",
            },
          },
        ],
        "KeySchema": [
          {
            "AttributeName": "pk",
            "KeyType": "HASH",
          },
          {
            "AttributeName": "sk",
            "KeyType": "RANGE",
          },
        ],
        "TableName": "proverbs-store",
      },
      "Type": "AWS::DynamoDB::Table",
      "UpdateReplacePolicy": "Delete",
    },
  },
  "Rules": {
    "CheckBootstrapVersion": {
      "Assertions": [
        {
          "Assert": {
            "Fn::Not": [
              {
                "Fn::Contains": [
                  [
                    "1",
                    "2",
                    "3",
                    "4",
                    "5",
                  ],
                  {
                    "Ref": "BootstrapVersion",
                  },
                ],
              },
            ],
          },
          "AssertDescription": "CDK bootstrap stack version 6 required. Please run 'cdk bootstrap' with a recent version of the CDK CLI.",
        },
      ],
    },
  },
}
`;
